.\gradlew.bat : WARNING: A restricted method in java.lang.System has been called
At C:\Users\tienv\AppData\Local\Temp\ps-script-7a87e039-f41d-4987-9b45-afa93945661c.ps1:111 char:124
+ ... oid Studio\jbr"; .\gradlew.bat bundleRelease --no-daemon 2>&1 | Out-F ...
+                      ~~~~~~~~~~~~~~~~~~~~~~~~~~~~~~~~~~~~~~~~~~~~
    + CategoryInfo          : NotSpecified: (WARNING: A rest...has been called:String) [], RemoteException
    + FullyQualifiedErrorId : NativeCommandError
 
WARNING: java.lang.System::load has been called by net.rubygrapefruit.platform.internal.NativeLibraryLoader in an 
unnamed module (file:/C:/Users/tienv/AppData/Local/Temp/cursor-sandbox-cache/0a1df6e4cb205545c739d38bf3521007/gradle/wr
apper/dists/gradle-8.11.1-all/2qik7nd48slq1ooc2496ixf4i/gradle-8.11.1/lib/native-platform-0.22-milestone-26.jar)
WARNING: Use --enable-native-access=ALL-UNNAMED to avoid a warning for callers in this module
WARNING: Restricted methods will be blocked in a future release unless native access is enabled

To honour the JVM settings for this build a single-use Daemon process will be forked. For more on this, please refer to https://docs.gradle.org/8.11.1/userguide/gradle_daemon.html#sec:disabling_the_daemon in the Gradle documentation.
Daemon will be stopped at the end of the build 

> Configure project :app
WARNING: Using flatDir should be avoided because it doesn't support any meta-data formats.

FAILURE: Build failed with an exception.

* What went wrong:
A problem occurred configuring project ':capacitor-community-admob'.
> Could not create task ':capacitor-community-admob:testDebugUnitTest'.
   > Could not create task of type 'AndroidUnitTest'.
      > Could not create an instance of type org.gradle.api.internal.tasks.testing.DefaultTestTaskReports.
         > Could not create an instance of type org.gradle.api.reporting.internal.DefaultReportContainer.
            > Type T not present

* Try:
> Run with --stacktrace option to get the stack trace.
> Run with --info or --debug option to get more log output.
> Run with --scan to get full insights.
> Get more help at https://help.gradle.org.

BUILD FAILED in 17s
